Burada bazı loglar var.